[22:41:36] [main/INFO] (FabricLoader/GameProvider) Loading Minecraft 1.20.1 with Fabric Loader 0.19.4
[22:41:37] [main/INFO] (FabricLoader) Loading 62 mods:
	- architectury 9.2.14
	- arsenic 1.0.0
	- fabric-api 0.92.11+1.20.1
	- fabric-api-base 0.4.32+1802ada577
	- fabric-api-lookup-api-v1 1.6.37+1802ada577
	- fabric-biome-api-v1 13.0.15+93aa238b77
	- fabric-block-api-v1 1.0.12+1802ada577
	- fabric-block-view-api-v2 1.0.3+924f046a77
	- fabric-blockrenderlayer-v1 1.1.42+1802ada577
	- fabric-client-tags-api-v1 1.2.0+238242b777
	- fabric-command-api-v1 1.2.35+f71b366f77
	- fabric-command-api-v2 2.2.14+1802ada577
	- fabric-commands-v0 0.2.52+df3654b377
	- fabric-containers-v0 0.1.68+df3654b377
	- fabric-content-registries-v0 4.0.13+1802ada577
	- fabric-convention-tags-v1 1.5.6+1802ada577
	- fabric-crash-report-info-v1 0.2.20+1802ada577
	- fabric-data-attachment-api-v1 1.0.2+de0fd6d177
	- fabric-data-generation-api-v1 12.4.0+238242b777
	- fabric-dimensions-v1 2.1.55+1802ada577
	- fabric-entity-events-v1 1.6.1+1c78457f77
	- fabric-events-interaction-v0 0.6.6+13a40c6677
	- fabric-events-lifecycle-v0 0.2.64+df3654b377
	- fabric-game-rule-api-v1 1.0.41+1802ada577
	- fabric-gametest-api-v1 1.2.15+1802ada577
	- fabric-item-api-v1 2.1.29+1802ada577
	- fabric-item-group-api-v1 4.0.14+1802ada577
	- fabric-key-binding-api-v1 1.0.38+1802ada577
	- fabric-keybindings-v0 0.2.36+df3654b377
	- fabric-lifecycle-events-v1 2.2.23+1802ada577
	- fabric-loot-api-v2 1.2.3+1802ada577
	- fabric-loot-tables-v1 1.1.47+9e7660c677
	- fabric-message-api-v1 5.1.10+1802ada577
	- fabric-mining-level-api-v1 2.1.52+1802ada577
	- fabric-model-loading-api-v1 1.0.4+1802ada577
	- fabric-models-v0 0.4.3+9386d8a777
	- fabric-networking-api-v1 1.3.15+0caff8d077
	- fabric-networking-v0 0.3.55+df3654b377
	- fabric-object-builder-api-v1 11.1.5+e35120df77
	- fabric-particles-v1 1.1.3+1802ada577
	- fabric-recipe-api-v1 1.0.25+1802ada577
	- fabric-registry-sync-v0 2.4.1+4c0a70e677
	- fabric-renderer-api-v1 3.2.2+1802ada577
	- fabric-renderer-indigo 1.5.3+85287f9f77
	- fabric-renderer-registries-v1 3.2.47+df3654b377
	- fabric-rendering-data-attachment-v1 0.3.39+92a0d36777
	- fabric-rendering-fluids-v1 3.0.29+1802ada577
	- fabric-rendering-v0 1.1.50+df3654b377
	- fabric-rendering-v1 3.0.9+1802ada577
	- fabric-resource-conditions-api-v1 2.3.9+1802ada577
	- fabric-resource-loader-v0 0.11.12+fb82e9d777
	- fabric-screen-api-v1 2.0.9+1802ada577
	- fabric-screen-handler-api-v1 1.3.34+1802ada577
	- fabric-sound-api-v1 1.0.14+1802ada577
	- fabric-tag-api-v1 1.3.0+238242b777
	- fabric-transfer-api-v1 3.3.6+8dd72ea377
	- fabric-transitive-access-wideners-v1 4.3.2+1802ada577
	- fabricloader 0.19.4
	- generated_57c1af7 1.0.0
	- java 21
	- minecraft 1.20.1
	- mixinextras 0.5.4
[22:41:37] [main/INFO] (FabricLoader/Mixin) SpongePowered MIXIN Subsystem Version=0.8.7 Source=file:/C:/Users/light/.gradle/caches/modules-2/files-2.1/net.fabricmc/sponge-mixin/0.17.4+mixin.0.8.7/5f66cc9f59b8efaa942155a3d5a30599bf6640dd/sponge-mixin-0.17.4+mixin.0.8.7.jar Service=Knot/Fabric Env=CLIENT
[22:41:37] [main/INFO] (FabricLoader/Mixin) Loaded Fabric development mappings for mixin remapper!
[22:41:40] [main/INFO] (FabricLoader/MixinExtras|Service) Initializing MixinExtras via com.llamalad7.mixinextras.service.MixinExtrasServiceImpl(version=0.5.4).
[22:41:50] [Datafixer Bootstrap/INFO] (Minecraft) 188 Datafixer optimizations took 1132 milliseconds
[22:41:52] [Render thread/INFO] (Minecraft) [STDERR]: [LWJGL] [ThreadLocalUtil] Unsupported JNI version detected, this may result in a crash. Please inform LWJGL developers.
[22:41:53] [Render thread/INFO] (Minecraft) Environment: authHost='https://authserver.mojang.com', accountsHost='https://api.mojang.com', sessionHost='https://sessionserver.mojang.com', servicesHost='https://api.minecraftservices.com', name='PROD'
[22:41:54] [Render thread/ERROR] (Minecraft) Failed to verify authentication
com.mojang.authlib.exceptions.InvalidCredentialsException: Status: 401
	at com.mojang.authlib.exceptions.MinecraftClientHttpException.toAuthenticationException(MinecraftClientHttpException.java:56) ~[authlib-4.0.43.jar:?]
	at com.mojang.authlib.yggdrasil.YggdrasilUserApiService.fetchProperties(YggdrasilUserApiService.java:156) ~[authlib-4.0.43.jar:?]
	at com.mojang.authlib.yggdrasil.YggdrasilUserApiService.<init>(YggdrasilUserApiService.java:55) ~[authlib-4.0.43.jar:?]
	at com.mojang.authlib.yggdrasil.YggdrasilAuthenticationService.createUserApiService(YggdrasilAuthenticationService.java:124) ~[authlib-4.0.43.jar:?]
	at net.minecraft.client.Minecraft.createUserApiService(Minecraft.java:733) ~[minecraft-merged-d919479c6f-1.20.1-loom.mappings.1_20_1.layered+hash.40359-v2.jar:?]
	at net.minecraft.client.Minecraft.<init>(Minecraft.java:442) ~[minecraft-merged-d919479c6f-1.20.1-loom.mappings.1_20_1.layered+hash.40359-v2.jar:?]
	at net.minecraft.client.main.Main.main(Main.java:211) ~[minecraft-merged-d919479c6f-1.20.1-loom.mappings.1_20_1.layered+hash.40359-v2.jar:?]
	at net.fabricmc.loader.impl.game.minecraft.MinecraftGameProvider.launch(MinecraftGameProvider.java:517) ~[fabric-loader-0.19.4.jar:?]
	at net.fabricmc.loader.impl.launch.knot.Knot.launch(Knot.java:72) ~[fabric-loader-0.19.4.jar:?]
	at net.fabricmc.loader.impl.launch.knot.KnotClient.main(KnotClient.java:23) ~[fabric-loader-0.19.4.jar:?]
	at net.fabricmc.devlaunchinjector.Main.main(Main.java:86) ~[dev-launch-injector-0.2.1+build.8.jar:?]
	at dev.architectury.transformer.TransformerRuntime.main(TransformerRuntime.java:220) ~[architectury-transformer-5.2.91-runtime.jar:?]
Caused by: com.mojang.authlib.exceptions.MinecraftClientHttpException: Status: 401
	at com.mojang.authlib.minecraft.client.MinecraftClient.readInputStream(MinecraftClient.java:85) ~[authlib-4.0.43.jar:?]
	at com.mojang.authlib.minecraft.client.MinecraftClient.get(MinecraftClient.java:48) ~[authlib-4.0.43.jar:?]
	at com.mojang.authlib.yggdrasil.YggdrasilUserApiService.fetchProperties(YggdrasilUserApiService.java:129) ~[authlib-4.0.43.jar:?]
	... 10 more
[22:41:54] [Render thread/INFO] (Minecraft) Setting user: Player467
[22:41:54] [Render thread/INFO] (arsenic) ARSENIC!
[22:41:54] [Render thread/INFO] (arsenic) === Arsenic v0.1.0 ===
[22:41:54] [Render thread/INFO] (arsenic) Loading Arsenic - The true greater version of Sodium
[22:41:54] [Render thread/INFO] (arsenic) ThreadManager initialized with 4 workers
[22:41:54] [Render thread/INFO] (Minecraft) [STDOUT]: [Arsenic] Initializing RenderManager...
[22:41:54] [Render thread/INFO] (Minecraft) [STDOUT]: [Arsenic] RenderManager initialized!
[22:41:54] [Render thread/INFO] (arsenic) RenderManager initialized
[22:41:54] [Render thread/INFO] (arsenic) System Information:
[22:41:54] [Render thread/INFO] (arsenic)   - OS: Windows 11 10.0
[22:41:54] [Render thread/INFO] (arsenic)   - Architecture: amd64
[22:41:54] [Render thread/INFO] (arsenic)   - Java Version: 21.0.12
[22:41:54] [Render thread/INFO] (arsenic)   - Available Processors: 4
[22:41:54] [Render thread/INFO] (arsenic)   - Max Memory: 4052 MB
[22:41:54] [Render thread/INFO] (arsenic) Arsenic Features:
[22:41:54] [Render thread/INFO] (arsenic)   - Multithreaded Frustum Culling: ENABLED
[22:41:54] [Render thread/INFO] (arsenic)   - Greedy Meshing: PENDING
[22:41:54] [Render thread/INFO] (arsenic)   - Batch Rendering: PENDING
[22:41:54] [Render thread/INFO] (arsenic)   - OpenGL 4.6 Support: PENDING
[22:41:54] [Render thread/INFO] (arsenic)   - Vulkan Support: PENDING
[22:41:54] [Render thread/INFO] (arsenic)   - Shader Support: PENDING
[22:41:54] [Render thread/INFO] (arsenic) Arsenic initialization complete!
[22:41:54] [Render thread/INFO] (arsenic) Fabric server-side initialization complete!
[22:41:54] [Render thread/INFO] (arsenic) Fabric client-specific initialization complete!
[22:41:54] [Render thread/INFO] (NetworkManagerImpl) Registering S2C receiver with id architectury:spawn_entity_packet
[22:41:54] [Render thread/INFO] (Indigo) [Indigo] Registering Indigo renderer!
[22:41:55] [Render thread/INFO] (Minecraft) Backend library: LWJGL version 3.3.2-snapshot
[22:41:57] [Render thread/INFO] (Minecraft) Reloading ResourceManager: vanilla, fabric (fabric-models-v0, fabric-sound-api-v1, fabric-item-api-v1, fabric-api-lookup-api-v1, fabric-networking-api-v1, fabric-content-registries-v0, fabric-block-api-v1, fabric-renderer-api-v1, fabric-commands-v0, fabric-lifecycle-events-v1, fabric-tag-api-v1, fabric-transfer-api-v1, fabric-client-tags-api-v1, fabric-networking-v0, fabric-keybindings-v0, fabric-events-interaction-v0, fabric-rendering-fluids-v1, fabric-command-api-v1, fabric-biome-api-v1, fabric-crash-report-info-v1, fabric-screen-api-v1, fabric-block-view-api-v2, fabric-entity-events-v1, fabric-gametest-api-v1, fabric-data-attachment-api-v1, fabric-object-builder-api-v1, fabric-api-base, fabric-item-group-api-v1, fabric-resource-conditions-api-v1, fabric-model-loading-api-v1, fabric-blockrenderlayer-v1, fabric-renderer-registries-v1, fabric-data-generation-api-v1, fabric-resource-loader-v0, fabric-particles-v1, fabric-screen-handler-api-v1, fabric-recipe-api-v1, fabric-message-api-v1, fabric-rendering-v1, fabric-registry-sync-v0, fabric-events-lifecycle-v0, fabric-game-rule-api-v1, fabric-rendering-data-attachment-v1, fabric-command-api-v2, fabric-convention-tags-v1, fabric-mining-level-api-v1, fabric-key-binding-api-v1, fabric-loot-tables-v1, fabric-renderer-indigo, fabric-dimensions-v1, fabric-containers-v0, fabricloader, fabric-loot-api-v2, fabric-rendering-v0, fabric-api, fabric-transitive-access-wideners-v1)
[22:41:58] [Worker-Main-3/INFO] (Minecraft) Found unifont_all_no_pua-15.0.06.hex, loading
[22:42:00] [Arsenic-Scheduler/INFO] (Minecraft) [STDOUT]: [Arsenic] Render Stats:
[22:42:00] [Arsenic-Scheduler/INFO] (Minecraft) [STDOUT]:   - Total chunks: 0
[22:42:01] [Arsenic-Scheduler/INFO] (Minecraft) [STDOUT]:   - Visible chunks: 0
[22:42:01] [Arsenic-Scheduler/INFO] (Minecraft) [STDOUT]:   - Cull time: 0ms
[22:42:01] [Arsenic-Scheduler/INFO] (Minecraft) [STDOUT]:   - Render time: 0ms
[22:42:02] [Render thread/WARN] (Minecraft) Missing sound for event: minecraft:item.goat_horn.play
[22:42:02] [Render thread/WARN] (Minecraft) Missing sound for event: minecraft:entity.goat.screaming.horn_break
[22:42:02] [Render thread/INFO] (Minecraft) OpenAL initialized on device OpenAL Soft on Speakers / Headphones (Realtek Audio)
[22:42:02] [Render thread/INFO] (Minecraft) Sound engine started
[22:42:03] [Render thread/INFO] (Minecraft) Created: 1024x512x4 minecraft:textures/atlas/blocks.png-atlas
[22:42:04] [Render thread/INFO] (Minecraft) Created: 256x256x4 minecraft:textures/atlas/signs.png-atlas
[22:42:04] [Render thread/INFO] (Minecraft) Created: 512x512x4 minecraft:textures/atlas/banner_patterns.png-atlas
[22:42:04] [Render thread/INFO] (Minecraft) Created: 512x512x4 minecraft:textures/atlas/shield_patterns.png-atlas
[22:42:04] [Arsenic-Scheduler/INFO] (Minecraft) [STDOUT]: [Arsenic] Render Stats:
[22:42:04] [Arsenic-Scheduler/INFO] (Minecraft) [STDOUT]:   - Total chunks: 0
[22:42:04] [Arsenic-Scheduler/INFO] (Minecraft) [STDOUT]:   - Visible chunks: 0
[22:42:04] [Arsenic-Scheduler/INFO] (Minecraft) [STDOUT]:   - Cull time: 0ms
[22:42:04] [Arsenic-Scheduler/INFO] (Minecraft) [STDOUT]:   - Render time: 0ms
[22:42:04] [Render thread/INFO] (Minecraft) Created: 1024x1024x4 minecraft:textures/atlas/armor_trims.png-atlas
[22:42:06] [Render thread/INFO] (Minecraft) Created: 256x256x4 minecraft:textures/atlas/chest.png-atlas
[22:42:06] [Render thread/INFO] (Minecraft) Created: 128x64x4 minecraft:textures/atlas/decorated_pot.png-atlas
[22:42:06] [Render thread/INFO] (Minecraft) Created: 512x256x4 minecraft:textures/atlas/beds.png-atlas
[22:42:06] [Render thread/INFO] (Minecraft) Created: 512x256x4 minecraft:textures/atlas/shulker_boxes.png-atlas
[22:42:07] [Render thread/WARN] (Minecraft) Shader rendertype_entity_translucent_emissive could not find sampler named Sampler2 in the specified shader program.
[22:42:08] [Render thread/INFO] (Minecraft) Created: 256x256x0 minecraft:textures/atlas/particles.png-atlas
[22:42:08] [Render thread/INFO] (Minecraft) Created: 256x256x0 minecraft:textures/atlas/paintings.png-atlas
[22:42:08] [Render thread/INFO] (Minecraft) Created: 128x128x0 minecraft:textures/atlas/mob_effects.png-atlas
[22:42:09] [Arsenic-Scheduler/INFO] (Minecraft) [STDOUT]: [Arsenic] Render Stats:
[22:42:09] [Arsenic-Scheduler/INFO] (Minecraft) [STDOUT]:   - Total chunks: 0
[22:42:09] [Arsenic-Scheduler/INFO] (Minecraft) [STDOUT]:   - Visible chunks: 0
[22:42:09] [Arsenic-Scheduler/INFO] (Minecraft) [STDOUT]:   - Cull time: 0ms
[22:42:09] [Arsenic-Scheduler/INFO] (Minecraft) [STDOUT]:   - Render time: 0ms
[22:42:14] [Arsenic-Scheduler/INFO] (Minecraft) [STDOUT]: [Arsenic] Render Stats:
[22:42:14] [Arsenic-Scheduler/INFO] (Minecraft) [STDOUT]:   - Total chunks: 0
[22:42:14] [Arsenic-Scheduler/INFO] (Minecraft) [STDOUT]:   - Visible chunks: 0
[22:42:14] [Arsenic-Scheduler/INFO] (Minecraft) [STDOUT]:   - Cull time: 0ms
[22:42:14] [Arsenic-Scheduler/INFO] (Minecraft) [STDOUT]:   - Render time: 0ms
[22:42:19] [Arsenic-Scheduler/INFO] (Minecraft) [STDOUT]: [Arsenic] Render Stats:
[22:42:19] [Arsenic-Scheduler/INFO] (Minecraft) [STDOUT]:   - Total chunks: 0
[22:42:19] [Arsenic-Scheduler/INFO] (Minecraft) [STDOUT]:   - Visible chunks: 0
[22:42:19] [Arsenic-Scheduler/INFO] (Minecraft) [STDOUT]:   - Cull time: 0ms
[22:42:19] [Arsenic-Scheduler/INFO] (Minecraft) [STDOUT]:   - Render time: 0ms
[22:42:22] [Realms Notification Availability checker #1/INFO] (Minecraft) Could not authorize you against Realms server: java.lang.RuntimeException: Failed to parse into SignedJWT: FabricMC
[22:42:24] [Arsenic-Scheduler/INFO] (Minecraft) [STDOUT]: [Arsenic] Render Stats:
[22:42:24] [Arsenic-Scheduler/INFO] (Minecraft) [STDOUT]:   - Total chunks: 0
[22:42:24] [Arsenic-Scheduler/INFO] (Minecraft) [STDOUT]:   - Visible chunks: 0
[22:42:24] [Arsenic-Scheduler/INFO] (Minecraft) [STDOUT]:   - Cull time: 0ms
[22:42:24] [Arsenic-Scheduler/INFO] (Minecraft) [STDOUT]:   - Render time: 0ms
[22:42:29] [Arsenic-Scheduler/INFO] (Minecraft) [STDOUT]: [Arsenic] Render Stats:
[22:42:29] [Arsenic-Scheduler/INFO] (Minecraft) [STDOUT]:   - Total chunks: 0
[22:42:29] [Arsenic-Scheduler/INFO] (Minecraft) [STDOUT]:   - Visible chunks: 0
[22:42:29] [Arsenic-Scheduler/INFO] (Minecraft) [STDOUT]:   - Cull time: 0ms
[22:42:29] [Arsenic-Scheduler/INFO] (Minecraft) [STDOUT]:   - Render time: 0ms
[22:42:34] [Arsenic-Scheduler/INFO] (Minecraft) [STDOUT]: [Arsenic] Render Stats:
[22:42:34] [Arsenic-Scheduler/INFO] (Minecraft) [STDOUT]:   - Total chunks: 0
[22:42:34] [Arsenic-Scheduler/INFO] (Minecraft) [STDOUT]:   - Visible chunks: 0
[22:42:34] [Arsenic-Scheduler/INFO] (Minecraft) [STDOUT]:   - Cull time: 0ms
[22:42:34] [Arsenic-Scheduler/INFO] (Minecraft) [STDOUT]:   - Render time: 0ms
[22:42:39] [Arsenic-Scheduler/INFO] (Minecraft) [STDOUT]: [Arsenic] Render Stats:
[22:42:39] [Arsenic-Scheduler/INFO] (Minecraft) [STDOUT]:   - Total chunks: 0
[22:42:39] [Arsenic-Scheduler/INFO] (Minecraft) [STDOUT]:   - Visible chunks: 0
[22:42:39] [Arsenic-Scheduler/INFO] (Minecraft) [STDOUT]:   - Cull time: 0ms
[22:42:39] [Arsenic-Scheduler/INFO] (Minecraft) [STDOUT]:   - Render time: 0ms
[22:42:44] [Arsenic-Scheduler/INFO] (Minecraft) [STDOUT]: [Arsenic] Render Stats:
[22:42:44] [Arsenic-Scheduler/INFO] (Minecraft) [STDOUT]:   - Total chunks: 0
[22:42:44] [Arsenic-Scheduler/INFO] (Minecraft) [STDOUT]:   - Visible chunks: 0
[22:42:44] [Arsenic-Scheduler/INFO] (Minecraft) [STDOUT]:   - Cull time: 0ms
[22:42:44] [Arsenic-Scheduler/INFO] (Minecraft) [STDOUT]:   - Render time: 0ms
[22:42:49] [Arsenic-Scheduler/INFO] (Minecraft) [STDOUT]: [Arsenic] Render Stats:
[22:42:49] [Arsenic-Scheduler/INFO] (Minecraft) [STDOUT]:   - Total chunks: 0
[22:42:49] [Arsenic-Scheduler/INFO] (Minecraft) [STDOUT]:   - Visible chunks: 0
[22:42:49] [Arsenic-Scheduler/INFO] (Minecraft) [STDOUT]:   - Cull time: 0ms
[22:42:49] [Arsenic-Scheduler/INFO] (Minecraft) [STDOUT]:   - Render time: 0ms
[22:42:52] [Render thread/INFO] (Minecraft) Stopping!
[22:42:52] [Arsenic-ShutdownHook/INFO] (Minecraft) [STDOUT]: [Arsenic] Shutting down ThreadManager...
[22:42:52] [Arsenic-ShutdownHook/INFO] (Minecraft) [STDOUT]: [Arsenic] Thread state at shutdown:
[22:42:52] [Arsenic-ShutdownHook/INFO] (Minecraft) [STDOUT]:   - Total tasks submitted: 0
[22:42:52] [Arsenic-ShutdownHook/INFO] (Minecraft) [STDOUT]:   - Total tasks completed: 22
[22:42:52] [Arsenic-ShutdownHook/INFO] (Minecraft) [STDOUT]:   - Active workers: 0
[22:42:52] [Arsenic-ShutdownHook/INFO] (Minecraft) [STDOUT]:   - Active compute: 0
[22:42:52] [Arsenic-ShutdownHook/INFO] (Minecraft) [STDOUT]:   - Worker queue: 0
[22:42:52] [Arsenic-ShutdownHook/INFO] (Minecraft) [STDOUT]:   - Compute queue: 0
[22:42:52] [Arsenic-ShutdownHook/INFO] (Minecraft) [STDOUT]:   - Peak active threads: 0
